Creating test database for alias 'default' ('file:memorydb_default?mode=memory&cache=shared')...

Found 14 test(s).
Operations to perform:
  Synchronize unmigrated apps: corsheaders, django_filters, drf_spectacular, messages, rest_framework, staticfiles
  Apply all migrations: admin, auth, authtoken, contenttypes, habits, sessions, tasks, users
Synchronizing apps without migrations:
  Creating tables...
    Running deferred SQL...
Running migrations:
  Applying contenttypes.0001_initial... OK
  Applying contenttypes.0002_remove_content_type_name... OK
  Applying auth.0001_initial... OK
  Applying auth.0002_alter_permission_name_max_length... OK
  Applying auth.0003_alter_user_email_max_length... OK
  Applying auth.0004_alter_user_username_opts... OK
  Applying auth.0005_alter_user_last_login_null... OK
  Applying auth.0006_require_contenttypes_0002... OK
  Applying auth.0007_alter_validators_add_error_messages... OK
  Applying auth.0008_alter_user_username_max_length... OK
  Applying auth.0009_alter_user_last_name_max_length... OK
  Applying auth.0010_alter_group_name_max_length... OK
  Applying auth.0011_update_proxy_permissions... OK
  Applying auth.0012_alter_user_first_name_max_length... OK
  Applying users.0001_initial... OK
  Applying admin.0001_initial... OK
  Applying admin.0002_logentry_remove_auto_add... OK
  Applying admin.0003_logentry_add_action_flag_choices... OK
  Applying authtoken.0001_initial... OK
  Applying authtoken.0002_auto_20160226_1747... OK
  Applying authtoken.0003_tokenproxy... OK
  Applying authtoken.0004_alter_tokenproxy_options... OK
  Applying habits.0001_initial... OK
  Applying sessions.0001_initial... OK
test_category_crud_and_user_isolation (tasks.tests.TaskManagementApiTests.test_category_crud_and_user_isolation) ... C:\Users\Study\AppData\Local\Packages\PythonSoftwareFoundation.Python.3.13_qbz5n2kfra8p0\LocalCache\local-packages\Python313\site-packages\rest_framework\pagination.py:207: UnorderedObjectListWarning: Pagination may yield inconsistent results with an unordered object_list: <class 'tasks.models.Category'> QuerySet.
  paginator = self.django_paginator_class(queryset, page_size)
ok
test_task_crud (tasks.tests.TaskManagementApiTests.test_task_crud) ... ok
test_task_filtering (tasks.tests.TaskManagementApiTests.test_task_filtering) ... ok
test_create_habit (habits.tests.HabitAPITests.test_create_habit) ... ok
test_log_habit (habits.tests.HabitAPITests.test_log_habit) ... ok
test_get_current_streak (habits.tests.HabitModelTests.test_get_current_streak) ... ok
test_get_longest_streak (habits.tests.HabitModelTests.test_get_longest_streak) ... ok
test_dashboard_get (dashboard.tests.DashboardAPITests.test_dashboard_get) ... C:\Users\Study\AppData\Local\Packages\PythonSoftwareFoundation.Python.3.13_qbz5n2kfra8p0\LocalCache\local-packages\Python313\site-packages\django\db\models\fields\__init__.py:1611: RuntimeWarning: DateTimeField Task.updated_at received a naive datetime (2026-02-27 00:00:00) while time zone support is active.
  warnings.warn(
C:\Users\Study\AppData\Local\Packages\PythonSoftwareFoundation.Python.3.13_qbz5n2kfra8p0\LocalCache\local-packages\Python313\site-packages\django\db\models\fields\__init__.py:1611: RuntimeWarning: DateTimeField Task.updated_at received a naive datetime (2026-02-04 00:00:00) while time zone support is active.
  warnings.warn(
ok
test_habit_summary_get (dashboard.tests.DashboardAPITests.test_habit_summary_get) ... ok
test_task_summary_get (dashboard.tests.DashboardAPITests.test_task_summary_get) ... ok
test_unauthenticated_access (dashboard.tests.DashboardAPITests.test_unauthenticated_access) ... WARNING 2026-03-06 22:32:15,756 log Unauthorized: /api/dashboard/
ok
test_weekly_progress_get (dashboard.tests.DashboardAPITests.test_weekly_progress_get) ... ok
test_login (users.tests.AuthAPITests.test_login) ... ok
test_register (users.tests.AuthAPITests.test_register) ... ok

----------------------------------------------------------------------
Ran 14 tests in 27.378s

OK
Destroying test database for alias 'default' ('file:memorydb_default?mode=memory&cache=shared')...

  Applying tasks.0001_initial... OK
System check identified no issues (0 silenced).
